src/components/ReservationCollector.tsx(7,9): error TS2717: Subsequent property declarations must have the same type.  Property 'api' must be of type '{ erp: { login: (credentials: { id: string; password: string; }) => Promise<boolean>; getSchedule: (weeks: number) => Promise<any[]>; createReservation: (data: any) => Promise<boolean>; getTodayEducation: () => Promise<...>; getStudentDetail: (id: string) => Promise<...>; updateMemo: (id: string, memo: string, name:...', but here has type '{ erp: { createReservation: (data: any) => Promise<boolean>; }; scraper: { naverLogin: () => Promise<boolean>; kakaoLogin: () => Promise<boolean>; getNaverBookings: () => Promise<...>; getKakaoBookings: () => Promise<...>; }; }'.
src/components/ReservationCollector.tsx(51,34): error TS2339: Property 'kakaoLogin' does not exist on type '{ naverLogin: () => Promise<boolean>; getNaverReservations: () => Promise<any[]>; }'.
src/components/ReservationCollector.tsx(61,56): error TS2339: Property 'getNaverBookings' does not exist on type '{ naverLogin: () => Promise<boolean>; getNaverReservations: () => Promise<any[]>; }'.
src/components/ReservationCollector.tsx(62,56): error TS2339: Property 'getKakaoBookings' does not exist on type '{ naverLogin: () => Promise<boolean>; getNaverReservations: () => Promise<any[]>; }'.
